// Vitest Snapshot v1, https://vitest.dev/guide/snapshot.html

exports[`Paper Component > Snapshots > matches snapshot for all variants > variant-elevation 1`] = `
<style>
  
  @keyframes paper-hover-elevation {
    0% {
      transform: translateY(0px);
    }
    100% {
      transform: translateY(-1px);
    }
  }

  @keyframes paper-press-elevation {
    0% {
      transform: translateY(-1px);
    }
    100% {
      transform: translateY(0px);
    }
  }

  @keyframes paper-glass-shimmer {
    0% {
      background-position: -200% 0;
    }
    100% {
      background-position: 200% 0;
    }
  }

  .paper-glass-shimmer::before {
    content: '';
    position: absolute;
    top: 0;
    left: 0;
    right: 0;
    bottom: 0;
    background: linear-gradient(
      90deg,
      transparent 0%,
      rgba(255, 255, 255, 0.4) 50%,
      transparent 100%
    );
    background-size: 200% 100%;
    animation: paper-glass-shimmer 2s infinite;
    border-radius: inherit;
    pointer-events: none;
  }

</style>
`;

exports[`Paper Component > Snapshots > matches snapshot for all variants > variant-filled 1`] = `
<style>
  
  @keyframes paper-hover-elevation {
    0% {
      transform: translateY(0px);
    }
    100% {
      transform: translateY(-1px);
    }
  }

  @keyframes paper-press-elevation {
    0% {
      transform: translateY(-1px);
    }
    100% {
      transform: translateY(0px);
    }
  }

  @keyframes paper-glass-shimmer {
    0% {
      background-position: -200% 0;
    }
    100% {
      background-position: 200% 0;
    }
  }

  .paper-glass-shimmer::before {
    content: '';
    position: absolute;
    top: 0;
    left: 0;
    right: 0;
    bottom: 0;
    background: linear-gradient(
      90deg,
      transparent 0%,
      rgba(255, 255, 255, 0.4) 50%,
      transparent 100%
    );
    background-size: 200% 100%;
    animation: paper-glass-shimmer 2s infinite;
    border-radius: inherit;
    pointer-events: none;
  }

</style>
`;

exports[`Paper Component > Snapshots > matches snapshot for all variants > variant-glass 1`] = `
<style>
  
  @keyframes paper-hover-elevation {
    0% {
      transform: translateY(0px);
    }
    100% {
      transform: translateY(-1px);
    }
  }

  @keyframes paper-press-elevation {
    0% {
      transform: translateY(-1px);
    }
    100% {
      transform: translateY(0px);
    }
  }

  @keyframes paper-glass-shimmer {
    0% {
      background-position: -200% 0;
    }
    100% {
      background-position: 200% 0;
    }
  }

  .paper-glass-shimmer::before {
    content: '';
    position: absolute;
    top: 0;
    left: 0;
    right: 0;
    bottom: 0;
    background: linear-gradient(
      90deg,
      transparent 0%,
      rgba(255, 255, 255, 0.4) 50%,
      transparent 100%
    );
    background-size: 200% 100%;
    animation: paper-glass-shimmer 2s infinite;
    border-radius: inherit;
    pointer-events: none;
  }

</style>
`;

exports[`Paper Component > Snapshots > matches snapshot for all variants > variant-gradient 1`] = `
<style>
  
  @keyframes paper-hover-elevation {
    0% {
      transform: translateY(0px);
    }
    100% {
      transform: translateY(-1px);
    }
  }

  @keyframes paper-press-elevation {
    0% {
      transform: translateY(-1px);
    }
    100% {
      transform: translateY(0px);
    }
  }

  @keyframes paper-glass-shimmer {
    0% {
      background-position: -200% 0;
    }
    100% {
      background-position: 200% 0;
    }
  }

  .paper-glass-shimmer::before {
    content: '';
    position: absolute;
    top: 0;
    left: 0;
    right: 0;
    bottom: 0;
    background: linear-gradient(
      90deg,
      transparent 0%,
      rgba(255, 255, 255, 0.4) 50%,
      transparent 100%
    );
    background-size: 200% 100%;
    animation: paper-glass-shimmer 2s infinite;
    border-radius: inherit;
    pointer-events: none;
  }

</style>
`;

exports[`Paper Component > Snapshots > matches snapshot for all variants > variant-outlined 1`] = `
<style>
  
  @keyframes paper-hover-elevation {
    0% {
      transform: translateY(0px);
    }
    100% {
      transform: translateY(-1px);
    }
  }

  @keyframes paper-press-elevation {
    0% {
      transform: translateY(-1px);
    }
    100% {
      transform: translateY(0px);
    }
  }

  @keyframes paper-glass-shimmer {
    0% {
      background-position: -200% 0;
    }
    100% {
      background-position: 200% 0;
    }
  }

  .paper-glass-shimmer::before {
    content: '';
    position: absolute;
    top: 0;
    left: 0;
    right: 0;
    bottom: 0;
    background: linear-gradient(
      90deg,
      transparent 0%,
      rgba(255, 255, 255, 0.4) 50%,
      transparent 100%
    );
    background-size: 200% 100%;
    animation: paper-glass-shimmer 2s infinite;
    border-radius: inherit;
    pointer-events: none;
  }

</style>
`;

exports[`Paper Component > Snapshots > matches snapshot for default props 1`] = `
<style>
  
  @keyframes paper-hover-elevation {
    0% {
      transform: translateY(0px);
    }
    100% {
      transform: translateY(-1px);
    }
  }

  @keyframes paper-press-elevation {
    0% {
      transform: translateY(-1px);
    }
    100% {
      transform: translateY(0px);
    }
  }

  @keyframes paper-glass-shimmer {
    0% {
      background-position: -200% 0;
    }
    100% {
      background-position: 200% 0;
    }
  }

  .paper-glass-shimmer::before {
    content: '';
    position: absolute;
    top: 0;
    left: 0;
    right: 0;
    bottom: 0;
    background: linear-gradient(
      90deg,
      transparent 0%,
      rgba(255, 255, 255, 0.4) 50%,
      transparent 100%
    );
    background-size: 200% 100%;
    animation: paper-glass-shimmer 2s infinite;
    border-radius: inherit;
    pointer-events: none;
  }

</style>
`;

exports[`Paper Component > Snapshots > matches snapshot for different elevations > elevation-0 1`] = `
<style>
  
  @keyframes paper-hover-elevation {
    0% {
      transform: translateY(0px);
    }
    100% {
      transform: translateY(-1px);
    }
  }

  @keyframes paper-press-elevation {
    0% {
      transform: translateY(-1px);
    }
    100% {
      transform: translateY(0px);
    }
  }

  @keyframes paper-glass-shimmer {
    0% {
      background-position: -200% 0;
    }
    100% {
      background-position: 200% 0;
    }
  }

  .paper-glass-shimmer::before {
    content: '';
    position: absolute;
    top: 0;
    left: 0;
    right: 0;
    bottom: 0;
    background: linear-gradient(
      90deg,
      transparent 0%,
      rgba(255, 255, 255, 0.4) 50%,
      transparent 100%
    );
    background-size: 200% 100%;
    animation: paper-glass-shimmer 2s infinite;
    border-radius: inherit;
    pointer-events: none;
  }

</style>
`;

exports[`Paper Component > Snapshots > matches snapshot for different elevations > elevation-1 1`] = `
<style>
  
  @keyframes paper-hover-elevation {
    0% {
      transform: translateY(0px);
    }
    100% {
      transform: translateY(-1px);
    }
  }

  @keyframes paper-press-elevation {
    0% {
      transform: translateY(-1px);
    }
    100% {
      transform: translateY(0px);
    }
  }

  @keyframes paper-glass-shimmer {
    0% {
      background-position: -200% 0;
    }
    100% {
      background-position: 200% 0;
    }
  }

  .paper-glass-shimmer::before {
    content: '';
    position: absolute;
    top: 0;
    left: 0;
    right: 0;
    bottom: 0;
    background: linear-gradient(
      90deg,
      transparent 0%,
      rgba(255, 255, 255, 0.4) 50%,
      transparent 100%
    );
    background-size: 200% 100%;
    animation: paper-glass-shimmer 2s infinite;
    border-radius: inherit;
    pointer-events: none;
  }

</style>
`;

exports[`Paper Component > Snapshots > matches snapshot for different elevations > elevation-4 1`] = `
<style>
  
  @keyframes paper-hover-elevation {
    0% {
      transform: translateY(0px);
    }
    100% {
      transform: translateY(-1px);
    }
  }

  @keyframes paper-press-elevation {
    0% {
      transform: translateY(-1px);
    }
    100% {
      transform: translateY(0px);
    }
  }

  @keyframes paper-glass-shimmer {
    0% {
      background-position: -200% 0;
    }
    100% {
      background-position: 200% 0;
    }
  }

  .paper-glass-shimmer::before {
    content: '';
    position: absolute;
    top: 0;
    left: 0;
    right: 0;
    bottom: 0;
    background: linear-gradient(
      90deg,
      transparent 0%,
      rgba(255, 255, 255, 0.4) 50%,
      transparent 100%
    );
    background-size: 200% 100%;
    animation: paper-glass-shimmer 2s infinite;
    border-radius: inherit;
    pointer-events: none;
  }

</style>
`;

exports[`Paper Component > Snapshots > matches snapshot for different elevations > elevation-8 1`] = `
<style>
  
  @keyframes paper-hover-elevation {
    0% {
      transform: translateY(0px);
    }
    100% {
      transform: translateY(-1px);
    }
  }

  @keyframes paper-press-elevation {
    0% {
      transform: translateY(-1px);
    }
    100% {
      transform: translateY(0px);
    }
  }

  @keyframes paper-glass-shimmer {
    0% {
      background-position: -200% 0;
    }
    100% {
      background-position: 200% 0;
    }
  }

  .paper-glass-shimmer::before {
    content: '';
    position: absolute;
    top: 0;
    left: 0;
    right: 0;
    bottom: 0;
    background: linear-gradient(
      90deg,
      transparent 0%,
      rgba(255, 255, 255, 0.4) 50%,
      transparent 100%
    );
    background-size: 200% 100%;
    animation: paper-glass-shimmer 2s infinite;
    border-radius: inherit;
    pointer-events: none;
  }

</style>
`;

exports[`Paper Component > Snapshots > matches snapshot for different elevations > elevation-16 1`] = `
<style>
  
  @keyframes paper-hover-elevation {
    0% {
      transform: translateY(0px);
    }
    100% {
      transform: translateY(-1px);
    }
  }

  @keyframes paper-press-elevation {
    0% {
      transform: translateY(-1px);
    }
    100% {
      transform: translateY(0px);
    }
  }

  @keyframes paper-glass-shimmer {
    0% {
      background-position: -200% 0;
    }
    100% {
      background-position: 200% 0;
    }
  }

  .paper-glass-shimmer::before {
    content: '';
    position: absolute;
    top: 0;
    left: 0;
    right: 0;
    bottom: 0;
    background: linear-gradient(
      90deg,
      transparent 0%,
      rgba(255, 255, 255, 0.4) 50%,
      transparent 100%
    );
    background-size: 200% 100%;
    animation: paper-glass-shimmer 2s infinite;
    border-radius: inherit;
    pointer-events: none;
  }

</style>
`;

exports[`Paper Component > Snapshots > matches snapshot for different elevations > elevation-24 1`] = `
<style>
  
  @keyframes paper-hover-elevation {
    0% {
      transform: translateY(0px);
    }
    100% {
      transform: translateY(-1px);
    }
  }

  @keyframes paper-press-elevation {
    0% {
      transform: translateY(-1px);
    }
    100% {
      transform: translateY(0px);
    }
  }

  @keyframes paper-glass-shimmer {
    0% {
      background-position: -200% 0;
    }
    100% {
      background-position: 200% 0;
    }
  }

  .paper-glass-shimmer::before {
    content: '';
    position: absolute;
    top: 0;
    left: 0;
    right: 0;
    bottom: 0;
    background: linear-gradient(
      90deg,
      transparent 0%,
      rgba(255, 255, 255, 0.4) 50%,
      transparent 100%
    );
    background-size: 200% 100%;
    animation: paper-glass-shimmer 2s infinite;
    border-radius: inherit;
    pointer-events: none;
  }

</style>
`;
